00:00 +0: loading /Users/macm2/we-invited-v2/integration_test/login_happy_path_test.dart
Running Gradle task 'assembleDebug'...                          
Running Gradle task 'assembleDebug'...                             10.1s
00:00 +0 -1: loading /Users/macm2/we-invited-v2/integration_test/login_happy_path_test.dart [E]
  Failed to load "/Users/macm2/we-invited-v2/integration_test/login_happy_path_test.dart": Gradle task assembleDebug failed with exit code 1
  package:flutter_tools/src/base/common.dart 34:3                    throwToolExit
  package:flutter_tools/src/android/gradle.dart 592:7                AndroidGradleBuilder.buildGradleApp
  ===== asynchronous gap ===========================
  package:flutter_tools/src/android/gradle.dart 234:5                AndroidGradleBuilder.buildApk
  ===== asynchronous gap ===========================
  package:flutter_tools/src/android/android_device.dart 568:7        AndroidDevice.startApp
  ===== asynchronous gap ===========================
  package:flutter_tools/src/test/integration_test_device.dart 57:39  IntegrationTestTestDevice.start
  ===== asynchronous gap ===========================
  package:flutter_tools/src/test/flutter_platform.dart 680:51        FlutterPlatform._startTest.<fn>
  ===== asynchronous gap ===========================
  package:flutter_tools/src/base/async_guard.dart 108:24             asyncGuard.<fn>
  
00:00 +0 -1: Some tests failed.
